Microchip MPLAB XC8 Compiler V2.32

Linker command line:

-W-3 --edf=C:\Program Files\Microchip\xc8\v2.32\pic\dat\en_msgs.txt -cn \
  -h+dist/default/production\AMG8833MK1v2.3.X.production.sym \
  --cmf=dist/default/production\AMG8833MK1v2.3.X.production.cmf -z \
  -Q18F46K20 -oC:\Users\Torben\AppData\Local\Temp\xcAsjf0.4 \
  --defsym=__MPLAB_BUILD=1 \
  -Mdist/default/production/AMG8833MK1v2.3.X.production.map -E1 \
  -ver=XC8 Compiler --acfsm=1493 -ASTACK=0400h-0F5Fh -pstack=STACK \
  -ACODE=00h-0FFFFh -ACONST=00h-0FFFFh -ASMALLCONST=01000h-010FFhx240 \
  -AMEDIUMCONST=01000h-0FFFFh -ACOMRAM=01h-05Fh -AABS1=00h-0F5Fh \
  -ABIGRAM=01h-0F5Fh -ARAM=060h-0FFh,0100h-01FFhx14,0F00h-0F5Fh \
  -ABANK0=060h-0FFh -ABANK1=0100h-01FFh -ABANK2=0200h-02FFh \
  -ABANK3=0300h-03FFh -ABANK4=0400h-04FFh -ABANK5=0500h-05FFh \
  -ABANK6=0600h-06FFh -ABANK7=0700h-07FFh -ABANK8=0800h-08FFh \
  -ABANK9=0900h-09FFh -ABANK10=0A00h-0AFFh -ABANK11=0B00h-0BFFh \
  -ABANK12=0C00h-0CFFh -ABANK13=0D00h-0DFFh -ABANK14=0E00h-0EFFh \
  -ABANK15=0F00h-0F5Fh -ASFR=0F60h-0FFFh -ACONFIG=0300000h-030000Dh \
  -AIDLOC=0200000h-0200007h -AEEDATA=0F00000h-0F003FFh -peeprom_data=EEDATA \
  -preset_vec=00h,intcode=08h,intcodelo,powerup,init -pramtop=01000h \
  -psmallconst=SMALLCONST -pmediumconst=MEDIUMCONST -pconst=CONST \
  -AFARRAM=00h-00h \
  -prdata=COMRAM,nvrram=COMRAM,nvbit=COMRAM,rbss=COMRAM,rbit=COMRAM \
  -pfarbss=FARRAM,fardata=FARRAM,nvFARRAM=FARRAM \
  -pintsave_regs=BIGRAM,bigbss=BIGRAM,bigdata=BIGRAM -pbss=RAM \
  -pidata=CODE,irdata=CODE,ibigdata=CODE,ifardata=CODE -prparam=COMRAM \
  C:\Users\Torben\AppData\Local\Temp\xcAsjf0.o \
  dist/default/production\AMG8833MK1v2.3.X.production.o 

Object code version is 3.11

Machine type is 18F46K20



                Name                               Link     Load   Length Selector   Space Scale
C:\Users\Torben\AppData\Local\Temp\xcAsjf0.o
                idloc                            200000   200000        8        0       5
                config                           300000   300000        E        0       4
                init                                 B0       B0        4        4       0
                reset_vec                             0        0        4        0       0
dist/default/production\AMG8833MK1v2.3.X.production.o
                intcode                               8        8       A8        4       0
                idloc                            200000   200000        8        0       5
                config                           300000   300000        E        0       4
                temp                                 5B       5B        1        1       1
                smallconst                         1000     1000       60      800       0
                text102                            4DB4     4DB4       2A      830       0
                text101                            4FCA     4FCA        6      830       0
                text100                            5000     5000        2      830       0
                text99                             4FC4     4FC4        6      830       0
                text98                             3FFE     3FFE       BE      830       0
                text97                             4B1E     4B1E       42      830       0
                text95                             4FFC     4FFC        4      830       0
                text94                             4FF8     4FF8        4      830       0
                text93                             4FF4     4FF4        4      830       0
                text92                             4D5E     4D5E       2C      830       0
                text91                             4FF0     4FF0        4      830       0
                text90                             4FEC     4FEC        4      830       0
                text89                             4FE8     4FE8        4      830       0
                text88                             4E04     4E04       24      830       0
                text87                             4588     4588       7A      830       0
                text86                             4E80     4E80       18      830       0
                text85                             4D32     4D32       2C      830       0
                text84                             4D06     4D06       2C      830       0
                text83                             4CDA     4CDA       2C      830       0
                text82                             4CAE     4CAE       2C      830       0
                text81                             4B60     4B60       40      830       0
                text80                             4FE4     4FE4        4      830       0
                text79                             4FE0     4FE0        4      830       0
                text78                             4FDC     4FDC        4      830       0
                text77                             4FBE     4FBE        6      830       0
                text76                             4FD8     4FD8        4      830       0
                text75                             4FB8     4FB8        6      830       0
                text74                             4FB0     4FB0        8      830       0
                text73                             4EC2     4EC2       14      830       0
                text72                             4FD4     4FD4        4      830       0
                text71                             450C     450C       7C      830       0
                text70                             4F1E     4F1E        C      830       0
                text69                             4EF6     4EF6       10      830       0
                text68                             4EE6     4EE6       10      830       0
                text67                             3F3A     3F3A       C4      830       0
                text66                             42C6     42C6       A6      830       0
                text65                             4F12     4F12        C      830       0
                text64                             4FA8     4FA8        8      830       0
                text63                             4FA0     4FA0        8      830       0
                text62                             4F98     4F98        8      830       0
                text61                             4F90     4F90        8      830       0
                text60                             4F88     4F88        8      830       0
                text59                             4F80     4F80        8      830       0
                text58                             4F78     4F78        8      830       0
                text57                             4F06     4F06        C      830       0
                text56                             47CA     47CA       66      830       0
                text55                             46EC     46EC       70      830       0
                text54                             4ED6     4ED6       10      830       0
                text53                             4E4A     4E4A       1E      830       0
                text52                             4ADA     4ADA       44      830       0
                text51                             4F70     4F70        8      830       0
                text50                             4E28     4E28       22      830       0
                text49                             4402     4402       8E      830       0
                text48                             4E68     4E68       18      830       0
                text47                             4678     4678       74      830       0
                text46                             2B32     2B32      42A      830       0
                text45                             3508     3508      1B4      830       0
                text44                             4490     4490       7C      830       0
                text43                             3856     3856      176      830       0
                text42                             475C     475C       6E      830       0
                text41                             416C     416C       B0      830       0
                text40                             4F66     4F66        A      830       0
                text39                             4F5C     4F5C        A      830       0
                text38                             4F52     4F52        A      830       0
                text37                             4F48     4F48        A      830       0
                text36                             4F3E     4F3E        A      830       0
                text35                             4602     4602       76      830       0
                text34                             4EAE     4EAE       14      830       0
                text33                             4FD0     4FD0        4      830       0
                text32                             4F34     4F34        A      830       0
                text31                             4C7E     4C7E       30      830       0
                text30                             4E98     4E98       16      830       0
                text29                             4DDE     4DDE       26      830       0
                text28                             4C10     4C10       38      830       0
                text27                             49FE     49FE       52      830       0
                text26                             36BC     36BC      19A      830       0
                text25                             3E76     3E76       C4      830       0
                text24                             40BC     40BC       B0      830       0
                text23                             2F5C     2F5C      39A      830       0
                text22                             421C     421C       AA      830       0
                text21                             3AD2     3AD2      104      830       0
                text20                             4BD8     4BD8       38      830       0
                text19                             21D2     21D2      4C0      830       0
                text18                             4A50     4A50       46      830       0
                text17                             39CC     39CC      106      830       0
                text16                             3BD6     3BD6       FE      830       0
                text15                             32F6     32F6      212      830       0
                text14                             4952     4952       58      830       0
                text13                             4F2A     4F2A        A      830       0
                text12                             436C     436C       96      830       0
                text11                             4A96     4A96       44      830       0
                text10                             4C48     4C48       36      830       0
                text9                              3DB0     3DB0       C6      830       0
                text8                              48F4     48F4       5E      830       0
                text7                              4BA0     4BA0       38      830       0
                text6                              4894     4894       60      830       0
                text5                              1060     1060      CA6      830       0
                text4                              3CD4     3CD4       DC      830       0
                text3                              2692     2692      4A0      830       0
                text2                              4830     4830       64      830       0
                text1                              4D8A     4D8A       2A      830       0
                text0                              1D06     1D06      4CC      830       0
                cstackCOMRAM                          1        1       55        1       1
                cstackBANK0                          60       60       60       60       1
                cstackBANK1                         16C      16C        4      100       1
                bssBANK3                            300      300      100      300       1
                bssBANK2                            200      200      100      200       1
                bssBANK1                            100      100       68      100       1
                bssBANK0                             C0       C0       38       60       1
                bssCOMRAM                            56       56        5        1       1
                cinit                              49AA     49AA       54      830       0
                nvBANK1                             168      168        4      100       1
                nvBANK0                              F8       F8        7       60       1

TOTAL           Name                               Link     Load   Length     Space
        CLASS   STACK          

        CLASS   CODE           
                intcode                               8        8       A8         0
                init                                 B0       B0        4         0
                reset_vec                             0        0        4         0
                text102                            4DB4     4DB4       2A         0
                text101                            4FCA     4FCA        6         0
                text100                            5000     5000        2         0
                text99                             4FC4     4FC4        6         0
                text98                             3FFE     3FFE       BE         0
                text97                             4B1E     4B1E       42         0
                text95                             4FFC     4FFC        4         0
                text94                             4FF8     4FF8        4         0
                text93                             4FF4     4FF4        4         0
                text92                             4D5E     4D5E       2C         0
                text91                             4FF0     4FF0        4         0
                text90                             4FEC     4FEC        4         0
                text89                             4FE8     4FE8        4         0
                text88                             4E04     4E04       24         0
                text87                             4588     4588       7A         0
                text86                             4E80     4E80       18         0
                text85                             4D32     4D32       2C         0
                text84                             4D06     4D06       2C         0
                text83                             4CDA     4CDA       2C         0
                text82                             4CAE     4CAE       2C         0
                text81                             4B60     4B60       40         0
                text80                             4FE4     4FE4        4         0
                text79                             4FE0     4FE0        4         0
                text78                             4FDC     4FDC        4         0
                text77                             4FBE     4FBE        6         0
                text76                             4FD8     4FD8        4         0
                text75                             4FB8     4FB8        6         0
                text74                             4FB0     4FB0        8         0
                text73                             4EC2     4EC2       14         0
                text72                             4FD4     4FD4        4         0
                text71                             450C     450C       7C         0
                text70                             4F1E     4F1E        C         0
                text69                             4EF6     4EF6       10         0
                text68                             4EE6     4EE6       10         0
                text67                             3F3A     3F3A       C4         0
                text66                             42C6     42C6       A6         0
                text65                             4F12     4F12        C         0
                text64                             4FA8     4FA8        8         0
                text63                             4FA0     4FA0        8         0
                text62                             4F98     4F98        8         0
                text61                             4F90     4F90        8         0
                text60                             4F88     4F88        8         0
                text59                             4F80     4F80        8         0
                text58                             4F78     4F78        8         0
                text57                             4F06     4F06        C         0
                text56                             47CA     47CA       66         0
                text55                             46EC     46EC       70         0
                text54                             4ED6     4ED6       10         0
                text53                             4E4A     4E4A       1E         0
                text52                             4ADA     4ADA       44         0
                text51                             4F70     4F70        8         0
                text50                             4E28     4E28       22         0
                text49                             4402     4402       8E         0
                text48                             4E68     4E68       18         0
                text47                             4678     4678       74         0
                text46                             2B32     2B32      42A         0
                text45                             3508     3508      1B4         0
                text44                             4490     4490       7C         0
                text43                             3856     3856      176         0
                text42                             475C     475C       6E         0
                text41                             416C     416C       B0         0
                text40                             4F66     4F66        A         0
                text39                             4F5C     4F5C        A         0
                text38                             4F52     4F52        A         0
                text37                             4F48     4F48        A         0
                text36                             4F3E     4F3E        A         0
                text35                             4602     4602       76         0
                text34                             4EAE     4EAE       14         0
                text33                             4FD0     4FD0        4         0
                text32                             4F34     4F34        A         0
                text31                             4C7E     4C7E       30         0
                text30                             4E98     4E98       16         0
                text29                             4DDE     4DDE       26         0
                text28                             4C10     4C10       38         0
                text27                             49FE     49FE       52         0
                text26                             36BC     36BC      19A         0
                text25                             3E76     3E76       C4         0
                text24                             40BC     40BC       B0         0
                text23                             2F5C     2F5C      39A         0
                text22                             421C     421C       AA         0
                text21                             3AD2     3AD2      104         0
                text20                             4BD8     4BD8       38         0
                text19                             21D2     21D2      4C0         0
                text18                             4A50     4A50       46         0
                text17                             39CC     39CC      106         0
                text16                             3BD6     3BD6       FE         0
                text15                             32F6     32F6      212         0
                text14                             4952     4952       58         0
                text13                             4F2A     4F2A        A         0
                text12                             436C     436C       96         0
                text11                             4A96     4A96       44         0
                text10                             4C48     4C48       36         0
                text9                              3DB0     3DB0       C6         0
                text8                              48F4     48F4       5E         0
                text7                              4BA0     4BA0       38         0
                text6                              4894     4894       60         0
                text5                              1060     1060      CA6         0
                text4                              3CD4     3CD4       DC         0
                text3                              2692     2692      4A0         0
                text2                              4830     4830       64         0
                text1                              4D8A     4D8A       2A         0
                text0                              1D06     1D06      4CC         0
                cinit                              49AA     49AA       54         0

        CLASS   CONST          

        CLASS   SMALLCONST     
                smallconst                         1000     1000       60         0

        CLASS   MEDIUMCONST    

        CLASS   COMRAM         
                temp                                 5B       5B        1         1
                cstackCOMRAM                          1        1       55         1
                bssCOMRAM                            56       56        5         1

        CLASS   ABS1           

        CLASS   BIGRAM         

        CLASS   RAM            

        CLASS   BANK0          
                cstackBANK0                          60       60       60         1
                bssBANK0                             C0       C0       38         1
                nvBANK0                              F8       F8        7         1

        CLASS   BANK1          
                cstackBANK1                         16C      16C        4         1
                bssBANK1                            100      100       68         1
                nvBANK1                             168      168        4         1

        CLASS   BANK2          
                bssBANK2                            200      200      100         1

        CLASS   BANK3          
                bssBANK3                            300      300      100         1

        CLASS   BANK4          

        CLASS   BANK5          

        CLASS   BANK6          

        CLASS   BANK7          

        CLASS   BANK8          

        CLASS   BANK9          

        CLASS   BANK10         

        CLASS   BANK11         

        CLASS   BANK12         

        CLASS   BANK13         

        CLASS   BANK14         

        CLASS   BANK15         

        CLASS   SFR            

        CLASS   CONFIG         
                config                           300000   300000        E         4

        CLASS   IDLOC          
                idloc                            200000   200000        8         5

        CLASS   EEDATA         

        CLASS   FARRAM         



SEGMENTS        Name                           Load    Length   Top    Selector   Space  Class

                reset_vec                      000000  000004  000004         0       0  CODE    
                cstackCOMRAM                   000001  00005B  00005C         1       1  COMRAM  
                intcode                        000008  0000AC  0000B4         4       0  CODE    
                cstackBANK0                    000060  00009F  0000FF        60       1  BANK0   
                bssBANK1                       000100  000070  000170       100       1  BANK1   
                bssBANK2                       000200  000100  000300       200       1  BANK2   
                bssBANK3                       000300  000100  000400       300       1  BANK3   
                smallconst                     001000  000060  001060       800       0  SMALLCON
                text5                          001060  003FA2  005002       830       0  CODE    


UNUSED ADDRESS RANGES

        Name                Unused          Largest block    Delta
        BANK0            0000FF-0000FF                1
        BANK1            000170-0001FF               90
        BANK10           000A00-000AFF              100
        BANK11           000B00-000BFF              100
        BANK12           000C00-000CFF              100
        BANK13           000D00-000DFF              100
        BANK14           000E00-000EFF              100
        BANK15           000F00-000F5F               60
        BANK4            000400-0004FF              100
        BANK5            000500-0005FF              100
        BANK6            000600-0006FF              100
        BANK7            000700-0007FF              100
        BANK8            000800-0008FF              100
        BANK9            000900-0009FF              100
        BIGRAM           00005C-00005F                4
                         0000FF-0000FF                1
                         000170-0001FF               90
                         000400-000F5F              B60
        CODE             000004-000007                4
                         0000B4-000FFF              F4C
                         005002-00FFFF             AFFE
        COMRAM           00005C-00005F                4
        CONST            000004-000007                4
                         0000B4-000FFF              F4C
                         005002-00FFFF             AFFE
        EEDATA           F00000-F003FF              400
        MEDIUMCONST      005002-00FFFF             AFFE
        RAM              0000FF-0000FF                1
                         000170-0001FF               90
                         000400-000F5F              100
        SFR              000F60-000FFF               A0
        SMALLCONST       005002-00FFFF              100
        STACK            000400-000F5F              B60

                                  Symbol Table

?_Wertdetekt                                   cstackCOMRAM 00001E
?___awdiv                                      cstackCOMRAM 000005
?___awmod                                      cstackCOMRAM 000005
?___fladd                                      cstackCOMRAM 000005
?___fldiv                                      cstackCOMRAM 000005
?___flmul                                      cstackCOMRAM 000005
?___flneg                                      cstackCOMRAM 000005
?___flsub                                      cstackCOMRAM 00001E
?___fltol                                      cstackCOMRAM 000005
?___fpclassifyf                                cstackCOMRAM 000005
?___wmul                                       cstackCOMRAM 000005
?___xxtofl                                     cstackCOMRAM 000005
?_atoi                                         cstackCOMRAM 00000C
?_efgtoa                                       cstackCOMRAM 000032
?_floorf                                       cstackCOMRAM 00001E
?_isdigit                                      cstackCOMRAM 000005
?_isspace                                      cstackCOMRAM 000005
?_isupper                                      cstackCOMRAM 000005
?_pad                                          cstackCOMRAM 000017
?_printf                                       cstackBANK0  00009E
?_strlen                                       cstackCOMRAM 000005
?_strncmp                                      cstackCOMRAM 000005
?_tolower                                      cstackCOMRAM 00000B
?_vfpfcnvrt                                    cstackCOMRAM 00003E
?_vfprintf                                     cstackBANK0  000098
AMG8833_GetData@i                              cstackCOMRAM 000034
AMG8833_GetData@n                              cstackCOMRAM 000030
AMG8833_GetData@pointer                        cstackCOMRAM 000032
AMG8833_GetData@x                              cstackCOMRAM 000036
AMG8833_GetData@y                              cstackCOMRAM 000038
EUSART_SetErrorHandler@interruptHandler        cstackCOMRAM 000005
EUSART_SetFramingErrorHandler@interruptHandler cstackCOMRAM 000005
EUSART_SetOverrunErrorHandler@interruptHandler cstackCOMRAM 000005
EUSART_SetRxInterruptHandler@interruptHandler  cstackCOMRAM 000005
EUSART_SetTxInterruptHandler@interruptHandler  cstackCOMRAM 000005
EUSART_Write@txData                            cstackCOMRAM 000005
I2C_CallbackReturnReset@funPtr                 cstackCOMRAM 00000E
I2C_Close@returnValue                          cstackCOMRAM 000005
I2C_MasterOperation@read                       cstackCOMRAM 000014
I2C_MasterOperation@returnValue                cstackCOMRAM 000015
I2C_MasterSendTxData@data                      cstackCOMRAM 000005
I2C_Open@address                               cstackCOMRAM 000005
I2C_Open@returnValue                           cstackCOMRAM 000006
I2C_Read1ByteRegister@address                  cstackCOMRAM 000017
I2C_Read1ByteRegister@reg                      cstackCOMRAM 000016
I2C_Read1ByteRegister@returnValue              cstackCOMRAM 000018
I2C_SetAddressNackCallback@cb                  cstackCOMRAM 00000A
I2C_SetAddressNackCallback@ptr                 cstackCOMRAM 00000C
I2C_SetBuffer@buffer                           cstackCOMRAM 000005
I2C_SetBuffer@bufferSize                       cstackCOMRAM 000007
I2C_SetCallback@cb                             cstackCOMRAM 000005
I2C_SetCallback@idx                            cstackCOMRAM 000009
I2C_SetCallback@ptr                            cstackCOMRAM 000007
I2C_SetDataCompleteCallback@cb                 cstackCOMRAM 00000A
I2C_SetDataCompleteCallback@ptr                cstackCOMRAM 00000C
I2C_Write1ByteRegister@address                 cstackCOMRAM 000018
I2C_Write1ByteRegister@data                    cstackCOMRAM 000017
I2C_Write1ByteRegister@reg                     cstackCOMRAM 000016
Wertdetekt@tempData                            cstackCOMRAM 000024
Wertdetekt@tempDataAnz                         cstackCOMRAM 000026
_AMG8833_GetData                               text43       003856
_AMG8833_Init                                  text41       00416C
_ANSEL                                         (abs)        000F7E
_ANSELH                                        (abs)        000F7F
_BAUDCON                                       (abs)        000FB8
_DataMatrix                                    bssBANK2     000200
_EUSART_DefaultErrorHandler                    text101      004FCA
_EUSART_DefaultFramingErrorHandler             text100      005000
_EUSART_DefaultOverrunErrorHandler             text99       004FC4
_EUSART_ErrorHandler                           nvBANK1      000168
_EUSART_FramingErrorHandler                    nvBANK0      0000F8
_EUSART_Initialize                             text35       004602
_EUSART_OverrunErrorHandler                    nvBANK1      00016A
_EUSART_Receive_ISR                            text98       003FFE
_EUSART_RxDataHandler                          text102      004DB4
_EUSART_RxDefaultInterruptHandler              nvBANK0      0000FA
_EUSART_SetErrorHandler                        text40       004F66
_EUSART_SetFramingErrorHandler                 text39       004F5C
_EUSART_SetOverrunErrorHandler                 text38       004F52
_EUSART_SetRxInterruptHandler                  text37       004F48
_EUSART_SetTxInterruptHandler                  text36       004F3E
_EUSART_Transmit_ISR                           text97       004B1E
_EUSART_TxDefaultInterruptHandler              nvBANK0      0000FC
_EUSART_Write                                  text14       004952
_I2C_CallbackReturnReset                       text79       004FE0
_I2C_CallbackReturnStop                        text80       004FE4
_I2C_Close                                     text92       004D5E
_I2C_DO_ADDRESS_NACK                           text56       0047CA
_I2C_DO_IDLE                                   text70       004F1E
_I2C_DO_RCEN                                   text65       004F12
_I2C_DO_RESET                                  text57       004F06
_I2C_DO_RX                                     text66       0042C6
_I2C_DO_RX_ACK                                 text60       004F88
_I2C_DO_RX_NACK_RESTART                        text58       004F78
_I2C_DO_RX_NACK_STOP                           text59       004F80
_I2C_DO_SEND_ADR_READ                          text69       004EF6
_I2C_DO_SEND_ADR_WRITE                         text68       004EE6
_I2C_DO_SEND_RESTART                           text62       004F98
_I2C_DO_SEND_RESTART_READ                      text64       004FA8
_I2C_DO_SEND_RESTART_WRITE                     text63       004FA0
_I2C_DO_SEND_STOP                              text61       004F90
_I2C_DO_TX                                     text67       003F3A
_I2C_DO_TX_EMPTY                               text71       00450C
_I2C_Initialize                                text34       004EAE
_I2C_MasterClearIrq                            text95       004FFC
_I2C_MasterClose                               text94       004FF8
_I2C_MasterDisableIrq                          text93       004FF4
_I2C_MasterEnableRestart                       text90       004FEC
_I2C_MasterFsm                                 text55       0046EC
_I2C_MasterGetRxData                           text76       004FD8
_I2C_MasterIsNack                              text73       004EC2
_I2C_MasterOpen                                text50       004E28
_I2C_MasterOperation                           text52       004ADA
_I2C_MasterSendAck                             text75       004FB8
_I2C_MasterSendNack                            text77       004FBE
_I2C_MasterSendTxData                          text74       004FB0
_I2C_MasterSetIrq                              text72       004FD4
_I2C_MasterStart                               text91       004FF0
_I2C_MasterStartRx                             text78       004FDC
_I2C_MasterStop                                text89       004FE8
_I2C_MasterWaitForEvent                        text54       004ED6
_I2C_MasterWrite                               text51       004F70
_I2C_Open                                      text49       004402
_I2C_Poller                                    text53       004E4A
_I2C_Read1ByteRegister                         text47       004678
_I2C_SetAddressNackCallback                    text48       004E68
_I2C_SetBuffer                                 text88       004E04
_I2C_SetCallback                               text87       004588
_I2C_SetDataCompleteCallback                   text86       004E80
_I2C_Status                                    bssBANK0     0000C0
_I2C_Write1ByteRegister                        text42       00475C
_INTCON2bits                                   (abs)        000FF1
_INTCONbits                                    (abs)        000FF2
_INTERRUPT_Initialize                          text33       004FD0
_INTERRUPT_InterruptManager                    intcode      000008
_LATA                                          (abs)        000F89
_LATB                                          (abs)        000F8A
_LATC                                          (abs)        000F8B
_LATD                                          (abs)        000F8C
_LATE                                          (abs)        000F8D
_OSCCON                                        (abs)        000FD3
_OSCILLATOR_Initialize                         text32       004F34
_OSCTUNE                                       (abs)        000F9B
_PIE1bits                                      (abs)        000F9D
_PIN_MANAGER_Initialize                        text31       004C7E
_PIR1bits                                      (abs)        000F9E
_PIR2bits                                      (abs)        000FA1
_RCONbits                                      (abs)        000FD0
_RCREG                                         (abs)        000FAE
_RCSTA                                         (abs)        000FAB
_RCSTAbits                                     (abs)        000FAB
_SPBRG                                         (abs)        000FAF
_SPBRGH                                        (abs)        000FB0
_SSPADD                                        (abs)        000FC8
_SSPBUF                                        (abs)        000FC9
_SSPCON1                                       (abs)        000FC6
_SSPCON1bits                                   (abs)        000FC6
_SSPCON2                                       (abs)        000FC5
_SSPCON2bits                                   (abs)        000FC5
_SSPSTAT                                       (abs)        000FC7
_SSPSTATbits                                   (abs)        000FC7
_SYSTEM_Initialize                             text30       004E98
_TRISA                                         (abs)        000F92
_TRISB                                         (abs)        000F93
_TRISC                                         (abs)        000F94
_TRISD                                         (abs)        000F95
_TRISE                                         (abs)        000F96
_TXREG                                         (abs)        000FAD
_TXSTA                                         (abs)        000FAC
_TXSTAbits                                     (abs)        000FAC
_Temp_Data                                     bssBANK3     000300
_WPUB                                          (abs)        000F7C
_Wertdetekt                                    text44       004490
__HRAM                                         (abs)        000000
__Habs1                                        abs1         000000
__Hbank0                                       bank0        000000
__Hbank1                                       bank1        000000
__Hbank10                                      bank10       000000
__Hbank11                                      bank11       000000
__Hbank12                                      bank12       000000
__Hbank13                                      bank13       000000
__Hbank14                                      bank14       000000
__Hbank15                                      bank15       000000
__Hbank2                                       bank2        000000
__Hbank3                                       bank3        000000
__Hbank4                                       bank4        000000
__Hbank5                                       bank5        000000
__Hbank6                                       bank6        000000
__Hbank7                                       bank7        000000
__Hbank8                                       bank8        000000
__Hbank9                                       bank9        000000
__Hbigbss                                      bigbss       000000
__Hbigdata                                     bigdata      000000
__Hbigram                                      bigram       000000
__Hbss                                         bss          000000
__HbssBANK0                                    bssBANK0     000000
__HbssBANK1                                    bssBANK1     000000
__HbssBANK2                                    bssBANK2     000000
__HbssBANK3                                    bssBANK3     000000
__HbssCOMRAM                                   bssCOMRAM    000000
__Hcinit                                       cinit        000000
__Hclrtext                                     clrtext      000000
__Hcomram                                      comram       000000
__Hconfig                                      config       30000E
__Hconst                                       const        000000
__HcstackBANK0                                 cstackBANK0  000000
__HcstackBANK1                                 cstackBANK1  000000
__HcstackCOMRAM                                cstackCOMRAM 000000
__Hdata                                        data         000000
__Heeprom_data                                 eeprom_data  000000
__Hfarbss                                      farbss       000000
__Hfardata                                     fardata      000000
__Hibigdata                                    ibigdata     000000
__Hidata                                       idata        000000
__Hidloc                                       idloc        200008
__Hifardata                                    ifardata     000000
__Hinit                                        init         0000B4
__Hintcode                                     intcode      0000B0
__Hintcode_body                                intcode_body 000000
__Hintcodelo                                   intcodelo    0000B0
__Hintentry                                    intentry     000000
__Hintret                                      intret       000000
__Hintsave_regs                                intsave_regs 000000
__Hirdata                                      irdata       000000
__Hmediumconst                                 mediumconst  000000
__HnvBANK0                                     nvBANK0      000000
__HnvBANK1                                     nvBANK1      000000
__HnvFARRAM                                    nvFARRAM     000000
__Hnvbit                                       nvbit        000000
__Hnvrram                                      nvrram       000000
__Hparam                                       rparam       000000
__Hpowerup                                     powerup      0000B0
__Hram                                         ram          000000
__Hramtop                                      ramtop       001000
__Hrbit                                        rbit         000000
__Hrbss                                        rbss         000000
__Hrdata                                       rdata        000000
__Hreset_vec                                   reset_vec    000004
__Hrparam                                      rparam       000000
__Hsfr                                         sfr          000000
__Hsmallconst                                  smallconst   001060
__Hspace_0                                     (abs)        005002
__Hspace_1                                     (abs)        000400
__Hspace_2                                     (abs)        000000
__Hspace_4                                     (abs)        60000E
__Hstack                                       stack        000000
__Hstruct                                      struct       000000
__Htemp                                        temp         00005C
__Htext                                        text         000000
__Htext0                                       text0        000000
__Htext1                                       text1        000000
__Htext10                                      text10       000000
__Htext100                                     text100      000000
__Htext101                                     text101      000000
__Htext102                                     text102      000000
__Htext103                                     text103      000000
__Htext11                                      text11       000000
__Htext12                                      text12       000000
__Htext13                                      text13       000000
__Htext14                                      text14       000000
__Htext15                                      text15       000000
__Htext16                                      text16       000000
__Htext17                                      text17       000000
__Htext18                                      text18       000000
__Htext19                                      text19       000000
__Htext2                                       text2        000000
__Htext20                                      text20       000000
__Htext21                                      text21       000000
__Htext22                                      text22       000000
__Htext23                                      text23       000000
__Htext24                                      text24       000000
__Htext25                                      text25       000000
__Htext26                                      text26       000000
__Htext27                                      text27       000000
__Htext28                                      text28       000000
__Htext29                                      text29       000000
__Htext3                                       text3        000000
__Htext30                                      text30       000000
__Htext31                                      text31       000000
__Htext32                                      text32       000000
__Htext33                                      text33       000000
__Htext34                                      text34       000000
__Htext35                                      text35       000000
__Htext36                                      text36       000000
__Htext37                                      text37       000000
__Htext38                                      text38       000000
__Htext39                                      text39       000000
__Htext4                                       text4        000000
__Htext40                                      text40       000000
__Htext41                                      text41       000000
__Htext42                                      text42       000000
__Htext43                                      text43       000000
__Htext44                                      text44       000000
__Htext45                                      text45       000000
__Htext46                                      text46       000000
__Htext47                                      text47       000000
__Htext48                                      text48       000000
__Htext49                                      text49       000000
__Htext5                                       text5        000000
__Htext50                                      text50       000000
__Htext51                                      text51       000000
__Htext52                                      text52       000000
__Htext53                                      text53       000000
__Htext54                                      text54       000000
__Htext55                                      text55       000000
__Htext56                                      text56       000000
__Htext57                                      text57       000000
__Htext58                                      text58       000000
__Htext59                                      text59       000000
__Htext6                                       text6        000000
__Htext60                                      text60       000000
__Htext61                                      text61       000000
__Htext62                                      text62       000000
__Htext63                                      text63       000000
__Htext64                                      text64       000000
__Htext65                                      text65       000000
__Htext66                                      text66       000000
__Htext67                                      text67       000000
__Htext68                                      text68       000000
__Htext69                                      text69       000000
__Htext7                                       text7        000000
__Htext70                                      text70       000000
__Htext71                                      text71       000000
__Htext72                                      text72       000000
__Htext73                                      text73       000000
__Htext74                                      text74       000000
__Htext75                                      text75       000000
__Htext76                                      text76       000000
__Htext77                                      text77       000000
__Htext78                                      text78       000000
__Htext79                                      text79       000000
__Htext8                                       text8        000000
__Htext80                                      text80       000000
__Htext81                                      text81       000000
__Htext82                                      text82       000000
__Htext83                                      text83       000000
__Htext84                                      text84       000000
__Htext85                                      text85       000000
__Htext86                                      text86       000000
__Htext87                                      text87       000000
__Htext88                                      text88       000000
__Htext89                                      text89       000000
__Htext9                                       text9        000000
__Htext90                                      text90       000000
__Htext91                                      text91       000000
__Htext92                                      text92       000000
__Htext93                                      text93       000000
__Htext94                                      text94       000000
__Htext95                                      text95       000000
__Htext97                                      text97       000000
__Htext98                                      text98       000000
__Htext99                                      text99       000000
__LRAM                                         (abs)        000001
__Labs1                                        abs1         000000
__Lbank0                                       bank0        000000
__Lbank1                                       bank1        000000
__Lbank10                                      bank10       000000
__Lbank11                                      bank11       000000
__Lbank12                                      bank12       000000
__Lbank13                                      bank13       000000
__Lbank14                                      bank14       000000
__Lbank15                                      bank15       000000
__Lbank2                                       bank2        000000
__Lbank3                                       bank3        000000
__Lbank4                                       bank4        000000
__Lbank5                                       bank5        000000
__Lbank6                                       bank6        000000
__Lbank7                                       bank7        000000
__Lbank8                                       bank8        000000
__Lbank9                                       bank9        000000
__Lbigbss                                      bigbss       000000
__Lbigdata                                     bigdata      000000
__Lbigram                                      bigram       000000
__Lbss                                         bss          000000
__LbssBANK0                                    bssBANK0     000000
__LbssBANK1                                    bssBANK1     000000
__LbssBANK2                                    bssBANK2     000000
__LbssBANK3                                    bssBANK3     000000
__LbssCOMRAM                                   bssCOMRAM    000000
__Lcinit                                       cinit        000000
__Lclrtext                                     clrtext      000000
__Lcomram                                      comram       000000
__Lconfig                                      config       000000
__Lconst                                       const        000000
__LcstackBANK0                                 cstackBANK0  000000
__LcstackBANK1                                 cstackBANK1  000000
__LcstackCOMRAM                                cstackCOMRAM 000000
__Ldata                                        data         000000
__Leeprom_data                                 eeprom_data  000000
__Lfarbss                                      farbss       000000
__Lfardata                                     fardata      000000
__Libigdata                                    ibigdata     000000
__Lidata                                       idata        000000
__Lidloc                                       idloc        000000
__Lifardata                                    ifardata     000000
__Linit                                        init         0000B0
__Lintcode                                     intcode      000008
__Lintcode_body                                intcode_body 000000
__Lintcodelo                                   intcodelo    0000B0
__Lintentry                                    intentry     000000
__Lintret                                      intret       000000
__Lintsave_regs                                intsave_regs 000000
__Lirdata                                      irdata       000000
__Lmediumconst                                 mediumconst  000000
__LnvBANK0                                     nvBANK0      000000
__LnvBANK1                                     nvBANK1      000000
__LnvFARRAM                                    nvFARRAM     000000
__Lnvbit                                       nvbit        000000
__Lnvrram                                      nvrram       000000
__Lparam                                       rparam       000000
__Lpowerup                                     powerup      0000B0
__Lram                                         ram          000000
__Lramtop                                      ramtop       001000
__Lrbit                                        rbit         000000
__Lrbss                                        rbss         000000
__Lrdata                                       rdata        000000
__Lreset_vec                                   reset_vec    000000
__Lrparam                                      rparam       000000
__Lsfr                                         sfr          000000
__Lsmallconst                                  smallconst   001000
__Lspace_0                                     (abs)        000000
__Lspace_1                                     (abs)        000000
__Lspace_2                                     (abs)        000000
__Lspace_4                                     (abs)        000000
__Lstack                                       stack        000000
__Lstruct                                      struct       000000
__Ltemp                                        temp         00005B
__Ltext                                        text         000000
__Ltext0                                       text0        000000
__Ltext1                                       text1        000000
__Ltext10                                      text10       000000
__Ltext100                                     text100      000000
__Ltext101                                     text101      000000
__Ltext102                                     text102      000000
__Ltext103                                     text103      000000
__Ltext11                                      text11       000000
__Ltext12                                      text12       000000
__Ltext13                                      text13       000000
__Ltext14                                      text14       000000
__Ltext15                                      text15       000000
__Ltext16                                      text16       000000
__Ltext17                                      text17       000000
__Ltext18                                      text18       000000
__Ltext19                                      text19       000000
__Ltext2                                       text2        000000
__Ltext20                                      text20       000000
__Ltext21                                      text21       000000
__Ltext22                                      text22       000000
__Ltext23                                      text23       000000
__Ltext24                                      text24       000000
__Ltext25                                      text25       000000
__Ltext26                                      text26       000000
__Ltext27                                      text27       000000
__Ltext28                                      text28       000000
__Ltext29                                      text29       000000
__Ltext3                                       text3        000000
__Ltext30                                      text30       000000
__Ltext31                                      text31       000000
__Ltext32                                      text32       000000
__Ltext33                                      text33       000000
__Ltext34                                      text34       000000
__Ltext35                                      text35       000000
__Ltext36                                      text36       000000
__Ltext37                                      text37       000000
__Ltext38                                      text38       000000
__Ltext39                                      text39       000000
__Ltext4                                       text4        000000
__Ltext40                                      text40       000000
__Ltext41                                      text41       000000
__Ltext42                                      text42       000000
__Ltext43                                      text43       000000
__Ltext44                                      text44       000000
__Ltext45                                      text45       000000
__Ltext46                                      text46       000000
__Ltext47                                      text47       000000
__Ltext48                                      text48       000000
__Ltext49                                      text49       000000
__Ltext5                                       text5        000000
__Ltext50                                      text50       000000
__Ltext51                                      text51       000000
__Ltext52                                      text52       000000
__Ltext53                                      text53       000000
__Ltext54                                      text54       000000
__Ltext55                                      text55       000000
__Ltext56                                      text56       000000
__Ltext57                                      text57       000000
__Ltext58                                      text58       000000
__Ltext59                                      text59       000000
__Ltext6                                       text6        000000
__Ltext60                                      text60       000000
__Ltext61                                      text61       000000
__Ltext62                                      text62       000000
__Ltext63                                      text63       000000
__Ltext64                                      text64       000000
__Ltext65                                      text65       000000
__Ltext66                                      text66       000000
__Ltext67                                      text67       000000
__Ltext68                                      text68       000000
__Ltext69                                      text69       000000
__Ltext7                                       text7        000000
__Ltext70                                      text70       000000
__Ltext71                                      text71       000000
__Ltext72                                      text72       000000
__Ltext73                                      text73       000000
__Ltext74                                      text74       000000
__Ltext75                                      text75       000000
__Ltext76                                      text76       000000
__Ltext77                                      text77       000000
__Ltext78                                      text78       000000
__Ltext79                                      text79       000000
__Ltext8                                       text8        000000
__Ltext80                                      text80       000000
__Ltext81                                      text81       000000
__Ltext82                                      text82       000000
__Ltext83                                      text83       000000
__Ltext84                                      text84       000000
__Ltext85                                      text85       000000
__Ltext86                                      text86       000000
__Ltext87                                      text87       000000
__Ltext88                                      text88       000000
__Ltext89                                      text89       000000
__Ltext9                                       text9        000000
__Ltext90                                      text90       000000
__Ltext91                                      text91       000000
__Ltext92                                      text92       000000
__Ltext93                                      text93       000000
__Ltext94                                      text94       000000
__Ltext95                                      text95       000000
__Ltext97                                      text97       000000
__Ltext98                                      text98       000000
__Ltext99                                      text99       000000
__S0                                           (abs)        005002
__S1                                           (abs)        000400
__S2                                           (abs)        000000
__S4                                           (abs)        000000
__S5                                           (abs)        000000
___awdiv                                       text25       003E76
___awdiv@counter                               cstackCOMRAM 000009
___awdiv@dividend                              cstackCOMRAM 000005
___awdiv@divisor                               cstackCOMRAM 000007
___awdiv@quotient                              cstackCOMRAM 00000B
___awdiv@sign                                  cstackCOMRAM 00000A
___awmod                                       text24       0040BC
___awmod@counter                               cstackCOMRAM 000009
___awmod@dividend                              cstackCOMRAM 000005
___awmod@divisor                               cstackCOMRAM 000007
___awmod@sign                                  cstackCOMRAM 00000A
___fladd                                       text19       0021D2
___fladd@a                                     cstackCOMRAM 000009
___fladd@aexp                                  cstackCOMRAM 000012
___fladd@b                                     cstackCOMRAM 000005
___fladd@bexp                                  cstackCOMRAM 000013
___fladd@grs                                   cstackCOMRAM 000014
___fladd@signs                                 cstackCOMRAM 000011
___fldiv                                       text23       002F5C
___fldiv@a                                     cstackCOMRAM 000009
___fldiv@aexp                                  cstackCOMRAM 00001D
___fldiv@b                                     cstackCOMRAM 000005
___fldiv@bexp                                  cstackCOMRAM 00001C
___fldiv@grs                                   cstackCOMRAM 000018
___fldiv@new_exp                               cstackCOMRAM 000016
___fldiv@rem                                   cstackCOMRAM 000011
___fldiv@sign                                  cstackCOMRAM 000015
___fleq                                        text22       00421C
___fleq@ff1                                    cstackCOMRAM 000005
___fleq@ff2                                    cstackCOMRAM 000009
___flge                                        text21       003AD2
___flge@ff1                                    cstackCOMRAM 00001E
___flge@ff2                                    cstackCOMRAM 000022
___flmul                                       text46       002B32
___flmul@a                                     cstackCOMRAM 000009
___flmul@aexp                                  cstackCOMRAM 000012
___flmul@b                                     cstackCOMRAM 000005
___flmul@bexp                                  cstackCOMRAM 000017
___flmul@grs                                   cstackCOMRAM 000013
___flmul@prod                                  cstackCOMRAM 000018
___flmul@sign                                  cstackCOMRAM 000011
___flmul@temp                                  cstackCOMRAM 00001C
___flneg                                       text20       004BD8
___flneg@f1                                    cstackCOMRAM 000005
___flsub                                       text18       004A50
___flsub@a                                     cstackCOMRAM 000022
___flsub@b                                     cstackCOMRAM 00001E
___fltol                                       text17       0039CC
___fltol@exp1                                  cstackCOMRAM 00000E
___fltol@f1                                    cstackCOMRAM 000005
___fltol@sign1                                 cstackCOMRAM 00000D
___fpclassifyf                                 text16       003BD6
___fpclassifyf@F465                            bssBANK0     0000E8
___fpclassifyf@e                               cstackCOMRAM 00000D
___fpclassifyf@u                               cstackCOMRAM 00000F
___fpclassifyf@x                               cstackCOMRAM 000005
___inthi_sp                                    stack        000000
___intlo_sp                                    stack        000000
___param_bank                                  (abs)        000000
___rparam_used                                 (abs)        000001
___sp                                          stack        000000
___wmul                                        text29       004DDE
___wmul@multiplicand                           cstackCOMRAM 000007
___wmul@multiplier                             cstackCOMRAM 000005
___wmul@product                                cstackCOMRAM 000009
___xxtofl                                      text45       003508
___xxtofl@arg                                  cstackCOMRAM 00000F
___xxtofl@exp                                  cstackCOMRAM 00000E
___xxtofl@sign                                 cstackCOMRAM 00000D
___xxtofl@val                                  cstackCOMRAM 000005
__accesstop                                    (abs)        000060
__activetblptr                                 (abs)        000003
__end_of_AMG8833_GetData                       text43       0039CC
__end_of_AMG8833_Init                          text41       00421C
__end_of_EUSART_DefaultErrorHandler            text101      004FD0
__end_of_EUSART_DefaultFramingErrorHandler     text100      005002
__end_of_EUSART_DefaultOverrunErrorHandler     text99       004FCA
__end_of_EUSART_Initialize                     text35       004678
__end_of_EUSART_Receive_ISR                    text98       0040BC
__end_of_EUSART_RxDataHandler                  text102      004DDE
__end_of_EUSART_SetErrorHandler                text40       004F70
__end_of_EUSART_SetFramingErrorHandler         text39       004F66
__end_of_EUSART_SetOverrunErrorHandler         text38       004F5C
__end_of_EUSART_SetRxInterruptHandler          text37       004F52
__end_of_EUSART_SetTxInterruptHandler          text36       004F48
__end_of_EUSART_Transmit_ISR                   text97       004B60
__end_of_EUSART_Write                          text14       0049AA
__end_of_I2C_CallbackReturnReset               text79       004FE4
__end_of_I2C_CallbackReturnStop                text80       004FE8
__end_of_I2C_Close                             text92       004D8A
__end_of_I2C_DO_ADDRESS_NACK                   text56       004830
__end_of_I2C_DO_IDLE                           text70       004F2A
__end_of_I2C_DO_RCEN                           text65       004F1E
__end_of_I2C_DO_RESET                          text57       004F12
__end_of_I2C_DO_RX                             text66       00436C
__end_of_I2C_DO_RX_ACK                         text60       004F90
__end_of_I2C_DO_RX_NACK_RESTART                text58       004F80
__end_of_I2C_DO_RX_NACK_STOP                   text59       004F88
__end_of_I2C_DO_SEND_ADR_READ                  text69       004F06
__end_of_I2C_DO_SEND_ADR_WRITE                 text68       004EF6
__end_of_I2C_DO_SEND_RESTART                   text62       004FA0
__end_of_I2C_DO_SEND_RESTART_READ              text64       004FB0
__end_of_I2C_DO_SEND_RESTART_WRITE             text63       004FA8
__end_of_I2C_DO_SEND_STOP                      text61       004F98
__end_of_I2C_DO_TX                             text67       003FFE
__end_of_I2C_DO_TX_EMPTY                       text71       004588
__end_of_I2C_Initialize                        text34       004EC2
__end_of_I2C_MasterClearIrq                    text95       005000
__end_of_I2C_MasterClose                       text94       004FFC
__end_of_I2C_MasterDisableIrq                  text93       004FF8
__end_of_I2C_MasterEnableRestart               text90       004FF0
__end_of_I2C_MasterFsm                         text55       00475C
__end_of_I2C_MasterGetRxData                   text76       004FDC
__end_of_I2C_MasterIsNack                      text73       004ED6
__end_of_I2C_MasterOpen                        text50       004E4A
__end_of_I2C_MasterOperation                   text52       004B1E
__end_of_I2C_MasterSendAck                     text75       004FBE
__end_of_I2C_MasterSendNack                    text77       004FC4
__end_of_I2C_MasterSendTxData                  text74       004FB8
__end_of_I2C_MasterSetIrq                      text72       004FD8
__end_of_I2C_MasterStart                       text91       004FF4
__end_of_I2C_MasterStartRx                     text78       004FE0
__end_of_I2C_MasterStop                        text89       004FEC
__end_of_I2C_MasterWaitForEvent                text54       004EE6
__end_of_I2C_MasterWrite                       text51       004F78
__end_of_I2C_Open                              text49       004490
__end_of_I2C_Poller                            text53       004E68
__end_of_I2C_Read1ByteRegister                 text47       0046EC
__end_of_I2C_SetAddressNackCallback            text48       004E80
__end_of_I2C_SetBuffer                         text88       004E28
__end_of_I2C_SetCallback                       text87       004602
__end_of_I2C_SetDataCompleteCallback           text86       004E98
__end_of_I2C_Write1ByteRegister                text42       0047CA
__end_of_INTERRUPT_Initialize                  text33       004FD4
__end_of_INTERRUPT_InterruptManager            intcode      0000B0
__end_of_OSCILLATOR_Initialize                 text32       004F3E
__end_of_PIN_MANAGER_Initialize                text31       004CAE
__end_of_SYSTEM_Initialize                     text30       004EAE
__end_of_Wertdetekt                            text44       00450C
__end_of___awdiv                               text25       003F3A
__end_of___awmod                               text24       00416C
__end_of___fladd                               text19       002692
__end_of___fldiv                               text23       0032F6
__end_of___fleq                                text22       0042C6
__end_of___flge                                text21       003BD6
__end_of___flmul                               text46       002F5C
__end_of___flneg                               text20       004C10
__end_of___flsub                               text18       004A96
__end_of___fltol                               text17       003AD2
__end_of___fpclassifyf                         text16       003CD4
__end_of___wmul                                text29       004E04
__end_of___xxtofl                              text45       0036BC
__end_of__initialization                       cinit        0049F4
__end_of_atoi                                  text26       003856
__end_of_efgtoa                                text5        001D06
__end_of_floorf                                text15       003508
__end_of_fputc                                 text12       004402
__end_of_fputs                                 text11       004ADA
__end_of_i2c_fsmStateTable                     smallconst   001021
__end_of_isdigit                               text28       004C48
__end_of_isspace                               text27       004A50
__end_of_isupper                               text7        004BD8
__end_of_main                                  text0        0021D2
__end_of_pad                                   text9        003E76
__end_of_printf                                text1        004DB4
__end_of_putch                                 text13       004F34
__end_of_rd1RegCompleteHandler                 text84       004D32
__end_of_rd2RegCompleteHandler                 text83       004D06
__end_of_rdBlkRegCompleteHandler               text81       004BA0
__end_of_strcpy                                text8        004952
__end_of_strlen                                text10       004C7E
__end_of_strncmp                               text4        003DB0
__end_of_tolower                               text6        0048F4
__end_of_vfpfcnvrt                             text3        002B32
__end_of_vfprintf                              text2        004894
__end_of_wr1RegCompleteHandler                 text82       004CDA
__end_of_wr2RegCompleteHandler                 text85       004D5E
__initialization                               cinit        0049AA
__mediumconst                                  mediumconst  000000
__pbssBANK0                                    bssBANK0     0000C0
__pbssBANK1                                    bssBANK1     000100
__pbssBANK2                                    bssBANK2     000200
__pbssBANK3                                    bssBANK3     000300
__pbssCOMRAM                                   bssCOMRAM    000056
__pcinit                                       cinit        0049AA
__pcstackBANK0                                 cstackBANK0  000060
__pcstackBANK1                                 cstackBANK1  00016C
__pcstackCOMRAM                                cstackCOMRAM 000001
__pintcode                                     intcode      000008
__pnvBANK0                                     nvBANK0      0000F8
__pnvBANK1                                     nvBANK1      000168
__psmallconst                                  smallconst   001000
__ptext0                                       text0        001D06
__ptext1                                       text1        004D8A
__ptext10                                      text10       004C48
__ptext100                                     text100      005000
__ptext101                                     text101      004FCA
__ptext102                                     text102      004DB4
__ptext103                                     text103      000000
__ptext11                                      text11       004A96
__ptext12                                      text12       00436C
__ptext13                                      text13       004F2A
__ptext14                                      text14       004952
__ptext15                                      text15       0032F6
__ptext16                                      text16       003BD6
__ptext17                                      text17       0039CC
__ptext18                                      text18       004A50
__ptext19                                      text19       0021D2
__ptext2                                       text2        004830
__ptext20                                      text20       004BD8
__ptext21                                      text21       003AD2
__ptext22                                      text22       00421C
__ptext23                                      text23       002F5C
__ptext24                                      text24       0040BC
__ptext25                                      text25       003E76
__ptext26                                      text26       0036BC
__ptext27                                      text27       0049FE
__ptext28                                      text28       004C10
__ptext29                                      text29       004DDE
__ptext3                                       text3        002692
__ptext30                                      text30       004E98
__ptext31                                      text31       004C7E
__ptext32                                      text32       004F34
__ptext33                                      text33       004FD0
__ptext34                                      text34       004EAE
__ptext35                                      text35       004602
__ptext36                                      text36       004F3E
__ptext37                                      text37       004F48
__ptext38                                      text38       004F52
__ptext39                                      text39       004F5C
__ptext4                                       text4        003CD4
__ptext40                                      text40       004F66
__ptext41                                      text41       00416C
__ptext42                                      text42       00475C
__ptext43                                      text43       003856
[...]
_atoi$2175                                     cstackCOMRAM 000016
_dbuf                                          bssBANK1     000118
_efgtoa                                        text5        001060
_efgtoa$2109                                   cstackBANK0  000060
_efgtoa$2110                                   cstackBANK0  000062
_efgtoa$2115                                   cstackBANK0  000064
_efgtoa$2119                                   cstackBANK0  000066
_efgtoa$2120                                   cstackBANK0  000068
_efgtoa$2121                                   cstackBANK0  00006A
_eusartRxBuffer                                bssBANK1     000108
_eusartRxCount                                 bssCOMRAM    000056
_eusartRxHead                                  bssCOMRAM    000058
_eusartRxLastError                             bssBANK0     0000F7
_eusartRxStatusBuffer                          bssBANK1     000100
_eusartRxTail                                  bssCOMRAM    000057
_eusartTxBuffer                                bssBANK1     000110
_eusartTxBufferRemaining                       nvBANK0      0000FE
_eusartTxHead                                  bssCOMRAM    00005A
_eusartTxTail                                  bssCOMRAM    000059
_flags                                         bssBANK0     0000F5
_floorf                                        text15       0032F6
_fputc                                         text12       00436C
_fputs                                         text11       004A96
_i2c_fsmStateTable                             smallconst   001001
_isdigit                                       text28       004C10
_isspace                                       text27       0049FE
_isspace$2204                                  cstackCOMRAM 00000B
_isupper                                       text7        004BA0
_main                                          text0        001D06
_nout                                          bssBANK0     0000EF
_pad                                           text9        003DB0
_prec                                          bssBANK0     0000F3
_printf                                        text1        004D8A
_putch                                         text13       004F2A
_rd1RegCompleteHandler                         text84       004D06
_rd2RegCompleteHandler                         text83       004CDA
_rdBlkRegCompleteHandler                       text81       004B60
_readBuffer                                    bssBANK0     0000EC
_strcpy                                        text8        0048F4
_strlen                                        text10       004C48
_strncmp                                       text4        003CD4
_tolower                                       text6        004894
_tolower$2262                                  cstackCOMRAM 000011
_vfpfcnvrt                                     text3        002692
_vfpfcnvrt$2135                                cstackCOMRAM 000048
_vfpfcnvrt$2139                                cstackCOMRAM 00004A
_vfprintf                                      text2        004830
_width                                         bssBANK0     0000F1
_wr1RegCompleteHandler                         text82       004CAE
_wr2RegCompleteHandler                         text85       004D32
atoi@n                                         cstackCOMRAM 000019
atoi@neg                                       cstackCOMRAM 000012
atoi@s                                         cstackCOMRAM 00000C
btemp                                          temp         00005B
efgtoa@c                                       cstackCOMRAM 000038
efgtoa@d                                       cstackBANK0  000078
efgtoa@e                                       cstackBANK0  000090
efgtoa@f                                       cstackCOMRAM 000034
efgtoa@fp                                      cstackCOMRAM 000032
efgtoa@g                                       cstackBANK0  00008C
efgtoa@h                                       cstackBANK0  000082
efgtoa@i                                       cstackBANK0  00008A
efgtoa@l                                       cstackBANK0  000086
efgtoa@m                                       cstackBANK0  000072
efgtoa@mode                                    cstackBANK0  000081
efgtoa@n                                       cstackBANK0  000092
efgtoa@ne                                      cstackBANK0  000070
efgtoa@nmode                                   cstackBANK0  000080
efgtoa@ou                                      cstackBANK0  000074
efgtoa@p                                       cstackBANK0  00007C
efgtoa@pp                                      cstackBANK0  00006E
efgtoa@sign                                    cstackBANK0  00007A
efgtoa@t                                       cstackBANK0  00006C
efgtoa@u                                       cstackBANK0  000094
efgtoa@w                                       cstackBANK0  00007E
end_of_initialization                          cinit        0049F4
floorf@F527                                    bssBANK0     0000E4
floorf@e                                       cstackCOMRAM 00002C
floorf@m                                       cstackCOMRAM 000028
floorf@u                                       cstackCOMRAM 00002E
floorf@x                                       cstackCOMRAM 00001E
fputc@c                                        cstackCOMRAM 000007
fputc@fp                                       cstackCOMRAM 000009
fputs@c                                        cstackCOMRAM 000014
fputs@fp                                       cstackCOMRAM 000012
fputs@i                                        cstackCOMRAM 000015
fputs@s                                        cstackCOMRAM 000010
int$flags                                      temp         00005B
intlevel0                                      text         000000
intlevel1                                      text         000000
intlevel2                                      text         000000
intlevel3                                      text         000000
isa$std                                        (abs)        000001
isa$xinst                                      (abs)        000000
isdigit@c                                      cstackCOMRAM 000005
isspace@c                                      cstackCOMRAM 000005
isupper@c                                      cstackCOMRAM 000005
pad@buf                                        cstackCOMRAM 000019
pad@fp                                         cstackCOMRAM 000017
pad@i                                          cstackCOMRAM 00001E
pad@p                                          cstackCOMRAM 00001B
pad@w                                          cstackCOMRAM 000020
printf@ap                                      cstackBANK1  00016C
printf@fmt                                     cstackBANK0  00009E
putch@txData                                   cstackCOMRAM 000006
rd1RegCompleteHandler@ptr                      cstackCOMRAM 00000E
rd2RegCompleteHandler@ptr                      cstackCOMRAM 00000E
rdBlkRegCompleteHandler@ptr                    cstackCOMRAM 00000E
stackhi                                        (abs)        000F5F
stacklo                                        (abs)        000400
start                                          init         0000B0
start_initialization                           cinit        0049AA
strcpy@d                                       cstackCOMRAM 00000D
strcpy@dest                                    cstackCOMRAM 000005
strcpy@s                                       cstackCOMRAM 00000B
strcpy@src                                     cstackCOMRAM 000007
strlen@a                                       cstackCOMRAM 000007
strlen@s                                       cstackCOMRAM 000005
strncmp@_l                                     cstackCOMRAM 000005
strncmp@_r                                     cstackCOMRAM 000007
strncmp@l                                      cstackCOMRAM 00000C
strncmp@n                                      cstackCOMRAM 000009
strncmp@r                                      cstackCOMRAM 00000E
tolower@c                                      cstackCOMRAM 00000B
ttemp5                                         temp         00005C
ttemp6                                         temp         00005F
ttemp7                                         temp         000063
vfpfcnvrt@ap                                   cstackCOMRAM 000042
vfpfcnvrt@c                                    cstackCOMRAM 000053
vfpfcnvrt@ct                                   cstackCOMRAM 000050
vfpfcnvrt@f                                    cstackCOMRAM 00004C
vfpfcnvrt@fmt                                  cstackCOMRAM 000040
vfpfcnvrt@fp                                   cstackCOMRAM 00003E
vfprintf@ap                                    cstackBANK0  00009C
vfprintf@cfmt                                  cstackCOMRAM 000054
vfprintf@fmt                                   cstackBANK0  00009A
vfprintf@fp                                    cstackBANK0  000098
wr1RegCompleteHandler@ptr                      cstackCOMRAM 00000E
wr2RegCompleteHandler@ptr                      cstackCOMRAM 00000E
wtemp8                                         temp         00005C


MODULE INFORMATION

Module		Function		Class		Link	Load	Size
C:\Program Files\Microchip\xc8\v2.32\pic\sources\c99\common\awdiv.c
		___awdiv       		CODE           	3E76	0000	196

C:\Program Files\Microchip\xc8\v2.32\pic\sources\c99\common\awdiv.c estimated size: 196

C:\Program Files\Microchip\xc8\v2.32\pic\sources\c99\common\isdigit.c
		_isdigit       		CODE           	4C10	0000	56

C:\Program Files\Microchip\xc8\v2.32\pic\sources\c99\common\isdigit.c estimated size: 56

C:\Program Files\Microchip\xc8\v2.32\pic\sources\c99\common\sprcadd.c
		___flsub       		CODE           	4A50	0000	70
		___fladd       		CODE           	21D2	0000	1216

C:\Program Files\Microchip\xc8\v2.32\pic\sources\c99\common\sprcadd.c estimated size: 1286

C:\Program Files\Microchip\xc8\v2.32\pic\sources\c99\common\doprnt.c
		_vfpfcnvrt     		CODE           	2692	0000	1184
		_efgtoa        		CODE           	1060	0000	3238
		_pad           		CODE           	3DB0	0000	198
		_vfprintf      		CODE           	4830	0000	100

C:\Program Files\Microchip\xc8\v2.32\pic\sources\c99\common\doprnt.c estimated size: 4720

C:\Program Files\Microchip\xc8\v2.32\pic\sources\c99\common\flneg.c
		___flneg       		CODE           	4BD8	0000	56

C:\Program Files\Microchip\xc8\v2.32\pic\sources\c99\common\flneg.c estimated size: 56

mcc_generated_files/interrupt_manager.c
		_INTERRUPT_Initialize		CODE           	4FD0	0000	4
		_INTERRUPT_InterruptManager		CODE           	0008	0000	168

mcc_generated_files/interrupt_manager.c estimated size: 172

mcc_generated_files/examples/i2c_master_example.c
		_wr1RegCompleteHandler		CODE           	4CAE	0000	44
		_wr2RegCompleteHandler		CODE           	4D32	0000	44
		_I2C_Write1ByteRegister		CODE           	475C	0000	110
		_I2C_Read1ByteRegister		CODE           	4678	0000	116
		_rdBlkRegCompleteHandler		CODE           	4B60	0000	64
		_rd1RegCompleteHandler		CODE           	4D06	0000	44
		_rd2RegCompleteHandler		CODE           	4CDA	0000	44

mcc_generated_files/examples/i2c_master_example.c estimated size: 466

mcc_generated_files/pin_manager.c
		_PIN_MANAGER_Initialize		CODE           	4C7E	0000	48

mcc_generated_files/pin_manager.c estimated size: 48

C:\Program Files\Microchip\xc8\v2.32\pic\sources\c99\common\atoi.c
		_atoi          		CODE           	36BC	0000	410

C:\Program Files\Microchip\xc8\v2.32\pic\sources\c99\common\atoi.c estimated size: 410

C:\Program Files\Microchip\xc8\v2.32\pic\sources\c99\common\nf_fputs.c
		_fputs         		CODE           	4A96	0000	68

C:\Program Files\Microchip\xc8\v2.32\pic\sources\c99\common\nf_fputs.c estimated size: 68

C:\Program Files\Microchip\xc8\v2.32\pic\sources\c99\common\fleq.c
		___fleq        		CODE           	421C	0000	170

C:\Program Files\Microchip\xc8\v2.32\pic\sources\c99\common\fleq.c estimated size: 170

C:\Program Files\Microchip\xc8\v2.32\pic\sources\c99\common\__fpclassifyf.c
		___fpclassifyf 		CODE           	3BD6	0000	254

C:\Program Files\Microchip\xc8\v2.32\pic\sources\c99\common\__fpclassifyf.c estimated size: 254

C:\Program Files\Microchip\xc8\v2.32\pic\sources\c99\common\isupper.c
		_isupper       		CODE           	4BA0	0000	56

C:\Program Files\Microchip\xc8\v2.32\pic\sources\c99\common\isupper.c estimated size: 56

C:\Program Files\Microchip\xc8\v2.32\pic\sources\c99\common\Umul16.c
		___wmul        		CODE           	4DDE	0000	38

C:\Program Files\Microchip\xc8\v2.32\pic\sources\c99\common\Umul16.c estimated size: 38

C:\Program Files\Microchip\xc8\v2.32\pic\sources\c99\common\isspace.c
		_isspace       		CODE           	49FE	0000	82

C:\Program Files\Microchip\xc8\v2.32\pic\sources\c99\common\isspace.c estimated size: 82

C:\Program Files\Microchip\xc8\v2.32\pic\sources\c99\common\strncmp.c
		_strncmp       		CODE           	3CD4	0000	220

C:\Program Files\Microchip\xc8\v2.32\pic\sources\c99\common\strncmp.c estimated size: 220

C:\Program Files\Microchip\xc8\v2.32\pic\sources\c99\common\tolower.c
		_tolower       		CODE           	4894	0000	96

C:\Program Files\Microchip\xc8\v2.32\pic\sources\c99\common\tolower.c estimated size: 96

shared
		__initialization		CODE           	49AA	0000	74
		_i2c_fsmStateTable		SMALLCONST     	1001	0000	32

shared estimated size: 106

C:\Program Files\Microchip\xc8\v2.32\pic\sources\c99\common\sprcmul.c
		___flmul       		CODE           	2B32	0000	1066

C:\Program Files\Microchip\xc8\v2.32\pic\sources\c99\common\sprcmul.c estimated size: 1066

C:\Program Files\Microchip\xc8\v2.32\pic\sources\c99\common\awmod.c
		___awmod       		CODE           	40BC	0000	176

C:\Program Files\Microchip\xc8\v2.32\pic\sources\c99\common\awmod.c estimated size: 176

mcc_generated_files/mcc.c
		_OSCILLATOR_Initialize		CODE           	4F34	0000	10
		_SYSTEM_Initialize		CODE           	4E98	0000	22

mcc_generated_files/mcc.c estimated size: 32

C:\Program Files\Microchip\xc8\v2.32\pic\sources\c99\common\sprcdiv.c
		___fldiv       		CODE           	2F5C	0000	922

C:\Program Files\Microchip\xc8\v2.32\pic\sources\c99\common\sprcdiv.c estimated size: 922

amg8833.c
		_AMG8833_GetData		CODE           	3856	0000	374
		_AMG8833_Init  		CODE           	416C	0000	176
		_Wertdetekt    		CODE           	4490	0000	124

amg8833.c estimated size: 674

C:\Program Files\Microchip\xc8\v2.32\pic\sources\c99\common\fltol.c
		___fltol       		CODE           	39CC	0000	262

C:\Program Files\Microchip\xc8\v2.32\pic\sources\c99\common\fltol.c estimated size: 262

mcc_generated_files/i2c_master.c
		_I2C_Close     		CODE           	4D5E	0000	44
		_I2C_MasterStartRx		CODE           	4FDC	0000	4
		_I2C_DO_SEND_ADR_WRITE		CODE           	4EE6	0000	16
		_I2C_MasterWaitForEvent		CODE           	4ED6	0000	16
		_I2C_DO_SEND_STOP		CODE           	4F90	0000	8
		_I2C_MasterSendNack		CODE           	4FBE	0000	6
		_I2C_MasterDisableIrq		CODE           	4FF4	0000	4
		_I2C_CallbackReturnStop		CODE           	4FE4	0000	4
		_I2C_MasterOperation		CODE           	4ADA	0000	68
		_I2C_DO_SEND_ADR_READ		CODE           	4EF6	0000	16
		_I2C_DO_RX_NACK_STOP		CODE           	4F80	0000	8
		_I2C_DO_SEND_RESTART		CODE           	4F98	0000	8
		_I2C_DO_RX     		CODE           	42C6	0000	166
		_I2C_DO_TX     		CODE           	3F3A	0000	196
		_I2C_DO_IDLE   		CODE           	4F1E	0000	12
		_I2C_DO_RCEN   		CODE           	4F12	0000	12
		_I2C_Poller    		CODE           	4E4A	0000	30
		_I2C_DO_RESET  		CODE           	4F06	0000	12
		_I2C_MasterClose		CODE           	4FF8	0000	4
		_I2C_MasterWrite		CODE           	4F70	0000	8
		_I2C_DO_RX_ACK 		CODE           	4F88	0000	8
		_I2C_MasterStart		CODE           	4FF0	0000	4
		_I2C_MasterClearIrq		CODE           	4FFC	0000	4
		_I2C_MasterGetRxData		CODE           	4FD8	0000	4
		_I2C_SetCallback		CODE           	4588	0000	122
		_I2C_DO_ADDRESS_NACK		CODE           	47CA	0000	102
		_I2C_MasterEnableRestart		CODE           	4FEC	0000	4
		_I2C_CallbackReturnReset		CODE           	4FE0	0000	4
		_I2C_Open      		CODE           	4402	0000	142
		_I2C_SetAddressNackCallback		CODE           	4E68	0000	24
		_I2C_DO_TX_EMPTY		CODE           	450C	0000	124
		_I2C_DO_SEND_RESTART_WRITE		CODE           	4FA0	0000	8
		_I2C_MasterIsNack		CODE           	4EC2	0000	20
		_I2C_SetDataCompleteCallback		CODE           	4E80	0000	24
		_I2C_DO_RX_NACK_RESTART		CODE           	4F78	0000	8
		_I2C_MasterSendAck		CODE           	4FB8	0000	6
		_I2C_MasterFsm 		CODE           	46EC	0000	112
		_I2C_MasterSetIrq		CODE           	4FD4	0000	4
		_I2C_DO_SEND_RESTART_READ		CODE           	4FA8	0000	8
		_I2C_Initialize		CODE           	4EAE	0000	20
		_I2C_SetBuffer 		CODE           	4E04	0000	36
		_I2C_MasterOpen		CODE           	4E28	0000	34
		_I2C_MasterSendTxData		CODE           	4FB0	0000	8
		_I2C_MasterStop		CODE           	4FE8	0000	4

mcc_generated_files/i2c_master.c estimated size: 1476

C:\Program Files\Microchip\xc8\v2.32\pic\sources\c99\common\xxtofl.c
		___xxtofl      		CODE           	3508	0000	436

C:\Program Files\Microchip\xc8\v2.32\pic\sources\c99\common\xxtofl.c estimated size: 436

C:\Program Files\Microchip\xc8\v2.32\pic\sources\c99\common\printf.c
		_printf        		CODE           	4D8A	0000	42

C:\Program Files\Microchip\xc8\v2.32\pic\sources\c99\common\printf.c estimated size: 42

C:\Program Files\Microchip\xc8\v2.32\pic\sources\c99\common\nf_fputc.c
		_fputc         		CODE           	436C	0000	150

C:\Program Files\Microchip\xc8\v2.32\pic\sources\c99\common\nf_fputc.c estimated size: 150

mcc_generated_files/eusart.c
		_EUSART_SetRxInterruptHandler		CODE           	4F48	0000	10
		_EUSART_SetTxInterruptHandler		CODE           	4F3E	0000	10
		_putch         		CODE           	4F2A	0000	10
		_EUSART_DefaultOverrunErrorHandler		CODE           	4FC4	0000	6
		_EUSART_Write  		CODE           	4952	0000	88
		_EUSART_DefaultErrorHandler		CODE           	4FCA	0000	6
		_EUSART_Transmit_ISR		CODE           	4B1E	0000	66
		_EUSART_Initialize		CODE           	4602	0000	118
		_EUSART_SetFramingErrorHandler		CODE           	4F5C	0000	10
		_EUSART_SetErrorHandler		CODE           	4F66	0000	10
		_EUSART_SetOverrunErrorHandler		CODE           	4F52	0000	10
		_EUSART_Receive_ISR		CODE           	3FFE	0000	190
		_EUSART_RxDataHandler		CODE           	4DB4	0000	42
		_EUSART_DefaultFramingErrorHandler		CODE           	5000	0000	2

mcc_generated_files/eusart.c estimated size: 578

main.c
		_main          		CODE           	1D06	0000	1228

main.c estimated size: 1228

C:\Program Files\Microchip\xc8\v2.32\pic\sources\c99\common\strlen.c
		_strlen        		CODE           	4C48	0000	54

C:\Program Files\Microchip\xc8\v2.32\pic\sources\c99\common\strlen.c estimated size: 54

C:\Program Files\Microchip\xc8\v2.32\pic\sources\c99\common\flge.c
		___flge        		CODE           	3AD2	0000	260

C:\Program Files\Microchip\xc8\v2.32\pic\sources\c99\common\flge.c estimated size: 260

C:\Program Files\Microchip\xc8\v2.32\pic\sources\c99\common\floorf.c
		_floorf        		CODE           	32F6	0000	530

C:\Program Files\Microchip\xc8\v2.32\pic\sources\c99\common\floorf.c estimated size: 530

C:\Program Files\Microchip\xc8\v2.32\pic\sources\c99\common\strcpy.c
		_strcpy        		CODE           	48F4	0000	94

C:\Program Files\Microchip\xc8\v2.32\pic\sources\c99\common\strcpy.c estimated size: 94

